{
  "personalInfo": {
    "firstName": "Alice",
    "middleName": "B.",
    "lastName": "Smith",
    "email": "alice.smith@example.com",
    "telNumber": "+1 555-123-4567",
    "linkedin": {
      "text": "LinkedIn",
      "url": "http://www.linkedin.com/in/alice-smith"
    },
    "github": {
      "text": "GitHub",
      "url": "https://github.com/alicesmith"
    },
    "address": {
      "street": "123 Elm Street",
      "flatOrHouseNumber": "Suite 456",
      "city": "Springfield",
      "country": "United States",
      "zipCode": "12345"
    },
    "header": "Alice B. Smith"
  },
  "summary": {
    "summaryText": "Certified Java Professional with over 5 years of experience in software development. Skilled in building scalable web applications using Java (Spring Boot), Python, and React. Expertise in microservices and cloud technologies including AWS, Docker, and Kubernetes.",
    "header": "Professional Summary"
  },
  "professionalExperience": [
    {
      "company": "Tech Solutions Inc.",
      "position": {
        "title": "Senior Software Developer",
        "department": "Engineering"
      },
      "location": {
        "city": "Seattle",
        "country": "United States"
      },
      "dateRange": {
        "startDate": "March 2020",
        "endDate": "Present"
      },
      "details": {
        "details": [
          "Led a team of developers to create scalable web applications using Spring Boot.",
          "Implemented CI/CD pipelines to improve deployment efficiency."
        ]
      },
      "header": "Tech Solutions Inc."
    },
    {
      "company": "Innovatech LLC",
      "position": {
        "title": "Software Engineer",
        "department": "Development"
      },
      "location": {
        "city": "Austin",
        "country": "United States"
      },
      "dateRange": {
        "startDate": "June 2017",
        "endDate": "February 2020"
      },
      "details": {
        "details": [
          "Developed RESTful APIs to support mobile and web applications.",
          "Collaborated with cross-functional teams to define software requirements."
        ]
      },
      "header": "Innovatech LLC"
    }
  ],
  "education": [
    {
      "school": "University of Springfield",
      "institution": "School of Computer Science",
      "degree": "MSc. in Software Engineering",
      "grade": "Graduated with Distinction (GPA: 3.9/4.0)",
      "location": {
        "city": "Springfield",
        "country": "United States"
      },
      "dateRange": {
        "startDate": "2015",
        "endDate": "2017"
      },
      "details": {
        "details": [
          "Conducted research on distributed systems and cloud computing.",
          "Published a thesis on scalable microservices architecture."
        ]
      },
      "header": "Education"
    },
    {
      "school": "State University",
      "institution": "Department of Computer Science",
      "degree": "BSc. in Computer Science",
      "grade": "Graduated Cum Laude",
      "location": {
        "city": "Columbus",
        "country": "United States"
      },
      "dateRange": {
        "startDate": "2011",
        "endDate": "2015"
      },
      "details": {
        "details": [
          "Designed and implemented a capstone project on AI-based recommendation systems.",
          "Served as president of the Programming Club."
        ]
      },
      "header": "Education"
    }
  ],
  "skills": {
    "languages": [
      {
        "name": "Java 17 with Spring Boot",
        "level": "Advanced"
      },
      {
        "name": "Python",
        "level": "Advanced"
      }
    ],
    "frameworks": [
      {
        "name": "React.js",
        "level": "Intermediate"
      },
      {
        "name": "Kubernetes",
        "level": "Intermediate"
      }
    ],
    "tools": [
      {
        "name": "Docker",
        "level": "Advanced"
      },
      {
        "name": "AWS",
        "level": "Intermediate"
      }
    ],
    "header": "Technical Skills"
  },
  "certifications": [
    {
      "title": "AWS Certified Solutions Architect â€“ Associate",
      "certificationId": "AWS-123456789",
      "link": {
        "text": "Certification Link",
        "url": "https://aws.amazon.com/certification/"
      },
      "header": "Certifications"
    },
    {
      "title": "Oracle Certified Professional: Java SE 11 Developer",
      "certificationId": "OCP-987654321",
      "link": {
        "text": "Certification Link",
        "url": "https://oracle.com/certification/"
      },
      "header": "Certifications"
    }
  ],
  "recommendations": [
    {
      "name": "Jane Doe",
      "link": {
        "text": "LinkedIn",
        "url": "https://www.linkedin.com/in/jane-doe"
      },
      "header": "Recommendation"
    },
    {
      "name": "Bob Johnson",
      "link": {
        "text": "LinkedIn",
        "url": "https://www.linkedin.com/in/bob-johnson"
      },
      "header": "Recommendation"
    }
  ]
}